RUNNING FOR learning_rate: 0.01, num_units_1: 20, num_units_2: 20
-----------------------------------------------

step: 0, value: 7.251128196716309
-----------------------------------------------

RUNNING FOR learning_rate: 0.001, num_units_1: 20, num_units_2: 20
-----------------------------------------------

step: 0, value: 7.408697605133057
-----------------------------------------------

RUNNING FOR learning_rate: 0.005, num_units_1: 20, num_units_2: 20
-----------------------------------------------

step: 0, value: 6.672911643981934
-----------------------------------------------

RUNNING FOR learning_rate: 0.01, num_units_1: 20, num_units_2: 20
-----------------------------------------------

step: 0, value: 18.45368194580078
-----------------------------------------------

